// Vitest Snapshot v1, https://vitest.dev/guide/snapshot.html

exports[`resolveThemeTokens (node / no DOM) > snapshot-locks serialised tokens for all packs 1`] = `
{
  "amber": {
    "accent": {
      "onAccent": "#0A0A0F",
      "primary": "#FBBF24",
      "primaryBorder": "rgba(251, 191, 36, 0.36)",
      "primarySoft": "rgba(251, 191, 36, 0.14)",
      "swatch": "#F59E0B",
    },
    "id": "amber",
    "stage": {
      "bg": "#000000",
      "bloomA": "rgba(251, 191, 36, 0.14)",
      "bloomB": "rgba(180, 90, 30, 0.2)",
      "bloomC": "rgba(253, 186, 116, 0.08)",
    },
    "surface": "dark",
    "text": {
      "faint": "#7C8899",
      "muted": "#A3B0C2",
      "primary": "#FFFFFF",
      "secondary": "#E2E8F0",
    },
    "washes": {
      "chrome": {
        "glow": "rgb(168,162,158)",
        "glowA": "rgba(168, 162, 158, 0.45)",
        "glowRgb": [
          168,
          162,
          158,
        ],
        "ink": "rgb(16,14,12)",
        "inkA": "rgba(16, 14, 12, 0.55)",
        "inkRgb": [
          16,
          14,
          12,
        ],
        "mid": "rgb(70,55,40)",
        "midA": "rgba(70, 55, 40, 0.4)",
        "midRgb": [
          70,
          55,
          40,
        ],
        "rim": "rgb(231,229,228)",
        "rimRgb": [
          231,
          229,
          228,
        ],
      },
      "deep": {
        "glow": "rgb(245,158,11)",
        "glowA": "rgba(245, 158, 11, 0.45)",
        "glowRgb": [
          245,
          158,
          11,
        ],
        "ink": "rgb(18,10,6)",
        "inkA": "rgba(18, 10, 6, 0.55)",
        "inkRgb": [
          18,
          10,
          6,
        ],
        "mid": "rgb(150,70,20)",
        "midA": "rgba(150, 70, 20, 0.4)",
        "midRgb": [
          150,
          70,
          20,
        ],
        "rim": "rgb(253,230,138)",
        "rimRgb": [
          253,
          230,
          138,
        ],
      },
      "glow": {
        "glow": "rgb(252,211,77)",
        "glowA": "rgba(252, 211, 77, 0.45)",
        "glowRgb": [
          252,
          211,
          77,
        ],
        "ink": "rgb(24,16,8)",
        "inkA": "rgba(24, 16, 8, 0.55)",
        "inkRgb": [
          24,
          16,
          8,
        ],
        "mid": "rgb(200,110,40)",
        "midA": "rgba(200, 110, 40, 0.4)",
        "midRgb": [
          200,
          110,
          40,
        ],
        "rim": "rgb(254,243,199)",
        "rimRgb": [
          254,
          243,
          199,
        ],
      },
      "mid": {
        "glow": "rgb(251,146,60)",
        "glowA": "rgba(251, 146, 60, 0.45)",
        "glowRgb": [
          251,
          146,
          60,
        ],
        "ink": "rgb(22,14,8)",
        "inkA": "rgba(22, 14, 8, 0.55)",
        "inkRgb": [
          22,
          14,
          8,
        ],
        "mid": "rgb(180,90,30)",
        "midA": "rgba(180, 90, 30, 0.4)",
        "midRgb": [
          180,
          90,
          30,
        ],
        "rim": "rgb(254,215,170)",
        "rimRgb": [
          254,
          215,
          170,
        ],
      },
      "soft": {
        "glow": "rgb(251,191,36)",
        "glowA": "rgba(251, 191, 36, 0.45)",
        "glowRgb": [
          251,
          191,
          36,
        ],
        "ink": "rgb(20,14,8)",
        "inkA": "rgba(20, 14, 8, 0.55)",
        "inkRgb": [
          20,
          14,
          8,
        ],
        "mid": "rgb(140,80,30)",
        "midA": "rgba(140, 80, 30, 0.4)",
        "midRgb": [
          140,
          80,
          30,
        ],
        "rim": "rgb(254,243,199)",
        "rimRgb": [
          254,
          243,
          199,
        ],
      },
    },
  },
  "chrome": {
    "accent": {
      "onAccent": "#0A0A0F",
      "primary": "#CBD5E1",
      "primaryBorder": "rgba(148, 163, 184, 0.4)",
      "primarySoft": "rgba(148, 163, 184, 0.16)",
      "swatch": "#94A3B8",
    },
    "id": "chrome",
    "stage": {
      "bg": "#050608",
      "bloomA": "rgba(148, 163, 184, 0.12)",
      "bloomB": "rgba(71, 85, 105, 0.18)",
      "bloomC": "rgba(255, 255, 255, 0.04)",
    },
    "surface": "dark",
    "text": {
      "faint": "#7C8899",
      "muted": "#A3B0C2",
      "primary": "#FFFFFF",
      "secondary": "#E2E8F0",
    },
    "washes": {
      "chrome": {
        "glow": "rgb(148,163,184)",
        "glowA": "rgba(148, 163, 184, 0.45)",
        "glowRgb": [
          148,
          163,
          184,
        ],
        "ink": "rgb(8,10,14)",
        "inkA": "rgba(8, 10, 14, 0.55)",
        "inkRgb": [
          8,
          10,
          14,
        ],
        "mid": "rgb(32,36,44)",
        "midA": "rgba(32, 36, 44, 0.4)",
        "midRgb": [
          32,
          36,
          44,
        ],
        "rim": "rgb(248,250,252)",
        "rimRgb": [
          248,
          250,
          252,
        ],
      },
      "deep": {
        "glow": "rgb(100,116,139)",
        "glowA": "rgba(100, 116, 139, 0.45)",
        "glowRgb": [
          100,
          116,
          139,
        ],
        "ink": "rgb(6,8,12)",
        "inkA": "rgba(6, 8, 12, 0.55)",
        "inkRgb": [
          6,
          8,
          12,
        ],
        "mid": "rgb(36,40,50)",
        "midA": "rgba(36, 40, 50, 0.4)",
        "midRgb": [
          36,
          40,
          50,
        ],
        "rim": "rgb(203,213,225)",
        "rimRgb": [
          203,
          213,
          225,
        ],
      },
      "glow": {
        "glow": "rgb(226,232,240)",
        "glowA": "rgba(226, 232, 240, 0.45)",
        "glowRgb": [
          226,
          232,
          240,
        ],
        "ink": "rgb(10,12,16)",
        "inkA": "rgba(10, 12, 16, 0.55)",
        "inkRgb": [
          10,
          12,
          16,
        ],
        "mid": "rgb(70,80,95)",
        "midA": "rgba(70, 80, 95, 0.4)",
        "midRgb": [
          70,
          80,
          95,
        ],
        "rim": "rgb(255,255,255)",
        "rimRgb": [
          255,
          255,
          255,
        ],
      },
      "mid": {
        "glow": "rgb(203,213,225)",
        "glowA": "rgba(203, 213, 225, 0.45)",
        "glowRgb": [
          203,
          213,
          225,
        ],
        "ink": "rgb(8,10,14)",
        "inkA": "rgba(8, 10, 14, 0.55)",
        "inkRgb": [
          8,
          10,
          14,
        ],
        "mid": "rgb(50,56,68)",
        "midA": "rgba(50, 56, 68, 0.4)",
        "midRgb": [
          50,
          56,
          68,
        ],
        "rim": "rgb(241,245,249)",
        "rimRgb": [
          241,
          245,
          249,
        ],
      },
      "soft": {
        "glow": "rgb(148,163,184)",
        "glowA": "rgba(148, 163, 184, 0.45)",
        "glowRgb": [
          148,
          163,
          184,
        ],
        "ink": "rgb(10,12,16)",
        "inkA": "rgba(10, 12, 16, 0.55)",
        "inkRgb": [
          10,
          12,
          16,
        ],
        "mid": "rgb(40,45,55)",
        "midA": "rgba(40, 45, 55, 0.4)",
        "midRgb": [
          40,
          45,
          55,
        ],
        "rim": "rgb(226,232,240)",
        "rimRgb": [
          226,
          232,
          240,
        ],
      },
    },
  },
  "cinnabar": {
    "accent": {
      "onAccent": "#0A0A0F",
      "primary": "#EF4444",
      "primaryBorder": "rgba(239, 68, 68, 0.42)",
      "primarySoft": "rgba(239, 68, 68, 0.16)",
      "swatch": "#DE2910",
    },
    "id": "cinnabar",
    "stage": {
      "bg": "#080406",
      "bloomA": "rgba(239, 68, 68, 0.18)",
      "bloomB": "rgba(153, 27, 27, 0.28)",
      "bloomC": "rgba(251, 191, 36, 0.08)",
    },
    "surface": "dark",
    "text": {
      "faint": "#7C8899",
      "muted": "#A3B0C2",
      "primary": "#FFFFFF",
      "secondary": "#E2E8F0",
    },
    "washes": {
      "chrome": {
        "glow": "rgb(168,120,110)",
        "glowA": "rgba(168, 120, 110, 0.45)",
        "glowRgb": [
          168,
          120,
          110,
        ],
        "ink": "rgb(14,10,10)",
        "inkA": "rgba(14, 10, 10, 0.55)",
        "inkRgb": [
          14,
          10,
          10,
        ],
        "mid": "rgb(60,36,36)",
        "midA": "rgba(60, 36, 36, 0.4)",
        "midRgb": [
          60,
          36,
          36,
        ],
        "rim": "rgb(253,230,138)",
        "rimRgb": [
          253,
          230,
          138,
        ],
      },
      "deep": {
        "glow": "rgb(220,38,38)",
        "glowA": "rgba(220, 38, 38, 0.45)",
        "glowRgb": [
          220,
          38,
          38,
        ],
        "ink": "rgb(14,6,6)",
        "inkA": "rgba(14, 6, 6, 0.55)",
        "inkRgb": [
          14,
          6,
          6,
        ],
        "mid": "rgb(127,29,29)",
        "midA": "rgba(127, 29, 29, 0.4)",
        "midRgb": [
          127,
          29,
          29,
        ],
        "rim": "rgb(251,191,36)",
        "rimRgb": [
          251,
          191,
          36,
        ],
      },
      "glow": {
        "glow": "rgb(248,113,113)",
        "glowA": "rgba(248, 113, 113, 0.45)",
        "glowRgb": [
          248,
          113,
          113,
        ],
        "ink": "rgb(22,8,8)",
        "inkA": "rgba(22, 8, 8, 0.55)",
        "inkRgb": [
          22,
          8,
          8,
        ],
        "mid": "rgb(185,28,28)",
        "midA": "rgba(185, 28, 28, 0.4)",
        "midRgb": [
          185,
          28,
          28,
        ],
        "rim": "rgb(254,243,199)",
        "rimRgb": [
          254,
          243,
          199,
        ],
      },
      "mid": {
        "glow": "rgb(248,113,113)",
        "glowA": "rgba(248, 113, 113, 0.45)",
        "glowRgb": [
          248,
          113,
          113,
        ],
        "ink": "rgb(20,8,8)",
        "inkA": "rgba(20, 8, 8, 0.55)",
        "inkRgb": [
          20,
          8,
          8,
        ],
        "mid": "rgb(153,27,27)",
        "midA": "rgba(153, 27, 27, 0.4)",
        "midRgb": [
          153,
          27,
          27,
        ],
        "rim": "rgb(252,211,77)",
        "rimRgb": [
          252,
          211,
          77,
        ],
      },
      "soft": {
        "glow": "rgb(239,68,68)",
        "glowA": "rgba(239, 68, 68, 0.45)",
        "glowRgb": [
          239,
          68,
          68,
        ],
        "ink": "rgb(18,8,8)",
        "inkA": "rgba(18, 8, 8, 0.55)",
        "inkRgb": [
          18,
          8,
          8,
        ],
        "mid": "rgb(120,28,28)",
        "midA": "rgba(120, 28, 28, 0.4)",
        "midRgb": [
          120,
          28,
          28,
        ],
        "rim": "rgb(253,230,138)",
        "rimRgb": [
          253,
          230,
          138,
        ],
      },
    },
  },
  "klein": {
    "accent": {
      "onAccent": "#0A0A0F",
      "primary": "#60A5FA",
      "primaryBorder": "rgba(96, 165, 250, 0.38)",
      "primarySoft": "rgba(96, 165, 250, 0.16)",
      "swatch": "#3B82F6",
    },
    "id": "klein",
    "stage": {
      "bg": "#000000",
      "bloomA": "rgba(96, 165, 250, 0.22)",
      "bloomB": "rgba(29, 78, 216, 0.28)",
      "bloomC": "rgba(56, 189, 248, 0.1)",
    },
    "surface": "dark",
    "text": {
      "faint": "#7C8899",
      "muted": "#A3B0C2",
      "primary": "#FFFFFF",
      "secondary": "#E2E8F0",
    },
    "washes": {
      "chrome": {
        "glow": "rgb(148,163,184)",
        "glowA": "rgba(148, 163, 184, 0.45)",
        "glowRgb": [
          148,
          163,
          184,
        ],
        "ink": "rgb(12,14,22)",
        "inkA": "rgba(12, 14, 22, 0.55)",
        "inkRgb": [
          12,
          14,
          22,
        ],
        "mid": "rgb(40,55,90)",
        "midA": "rgba(40, 55, 90, 0.4)",
        "midRgb": [
          40,
          55,
          90,
        ],
        "rim": "rgb(226,232,240)",
        "rimRgb": [
          226,
          232,
          240,
        ],
      },
      "deep": {
        "glow": "rgb(59,130,246)",
        "glowA": "rgba(59, 130, 246, 0.45)",
        "glowRgb": [
          59,
          130,
          246,
        ],
        "ink": "rgb(6,10,28)",
        "inkA": "rgba(6, 10, 28, 0.55)",
        "inkRgb": [
          6,
          10,
          28,
        ],
        "mid": "rgb(30,64,175)",
        "midA": "rgba(30, 64, 175, 0.4)",
        "midRgb": [
          30,
          64,
          175,
        ],
        "rim": "rgb(147,197,253)",
        "rimRgb": [
          147,
          197,
          253,
        ],
      },
      "glow": {
        "glow": "rgb(125,211,252)",
        "glowA": "rgba(125, 211, 252, 0.45)",
        "glowRgb": [
          125,
          211,
          252,
        ],
        "ink": "rgb(8,16,36)",
        "inkA": "rgba(8, 16, 36, 0.55)",
        "inkRgb": [
          8,
          16,
          36,
        ],
        "mid": "rgb(37,99,235)",
        "midA": "rgba(37, 99, 235, 0.4)",
        "midRgb": [
          37,
          99,
          235,
        ],
        "rim": "rgb(224,242,254)",
        "rimRgb": [
          224,
          242,
          254,
        ],
      },
      "mid": {
        "glow": "rgb(96,165,250)",
        "glowA": "rgba(96, 165, 250, 0.45)",
        "glowRgb": [
          96,
          165,
          250,
        ],
        "ink": "rgb(8,12,32)",
        "inkA": "rgba(8, 12, 32, 0.55)",
        "inkRgb": [
          8,
          12,
          32,
        ],
        "mid": "rgb(29,78,216)",
        "midA": "rgba(29, 78, 216, 0.4)",
        "midRgb": [
          29,
          78,
          216,
        ],
        "rim": "rgb(191,219,254)",
        "rimRgb": [
          191,
          219,
          254,
        ],
      },
      "soft": {
        "glow": "rgb(96,165,250)",
        "glowA": "rgba(96, 165, 250, 0.45)",
        "glowRgb": [
          96,
          165,
          250,
        ],
        "ink": "rgb(8,14,28)",
        "inkA": "rgba(8, 14, 28, 0.55)",
        "inkRgb": [
          8,
          14,
          28,
        ],
        "mid": "rgb(30,64,140)",
        "midA": "rgba(30, 64, 140, 0.4)",
        "midRgb": [
          30,
          64,
          140,
        ],
        "rim": "rgb(191,219,254)",
        "rimRgb": [
          191,
          219,
          254,
        ],
      },
    },
  },
  "ref123": {
    "accent": {
      "onAccent": "#0A0A0F",
      "primary": "#4ADE80",
      "primaryBorder": "rgba(74, 222, 128, 0.42)",
      "primarySoft": "rgba(74, 222, 128, 0.14)",
      "swatch": "#4ADE80",
    },
    "id": "ref123",
    "stage": {
      "bg": "#000000",
      "bloomA": "rgba(74, 222, 128, 0.1)",
      "bloomB": "rgba(74, 222, 128, 0.05)",
      "bloomC": "rgba(255, 255, 255, 0.03)",
    },
    "surface": "dark",
    "text": {
      "faint": "#7C8899",
      "muted": "#A3B0C2",
      "primary": "#FFFFFF",
      "secondary": "#E2E8F0",
    },
    "washes": {
      "chrome": {
        "glow": "rgb(148,163,184)",
        "glowA": "rgba(148, 163, 184, 0.45)",
        "glowRgb": [
          148,
          163,
          184,
        ],
        "ink": "rgb(8,10,14)",
        "inkA": "rgba(8, 10, 14, 0.55)",
        "inkRgb": [
          8,
          10,
          14,
        ],
        "mid": "rgb(32,36,44)",
        "midA": "rgba(32, 36, 44, 0.4)",
        "midRgb": [
          32,
          36,
          44,
        ],
        "rim": "rgb(248,250,252)",
        "rimRgb": [
          248,
          250,
          252,
        ],
      },
      "deep": {
        "glow": "rgb(71,85,105)",
        "glowA": "rgba(71, 85, 105, 0.45)",
        "glowRgb": [
          71,
          85,
          105,
        ],
        "ink": "rgb(4,6,10)",
        "inkA": "rgba(4, 6, 10, 0.55)",
        "inkRgb": [
          4,
          6,
          10,
        ],
        "mid": "rgb(24,28,36)",
        "midA": "rgba(24, 28, 36, 0.4)",
        "midRgb": [
          24,
          28,
          36,
        ],
        "rim": "rgb(203,213,225)",
        "rimRgb": [
          203,
          213,
          225,
        ],
      },
      "glow": {
        "glow": "rgb(74,222,128)",
        "glowA": "rgba(74, 222, 128, 0.45)",
        "glowRgb": [
          74,
          222,
          128,
        ],
        "ink": "rgb(6,12,10)",
        "inkA": "rgba(6, 12, 10, 0.55)",
        "inkRgb": [
          6,
          12,
          10,
        ],
        "mid": "rgb(20,60,40)",
        "midA": "rgba(20, 60, 40, 0.4)",
        "midRgb": [
          20,
          60,
          40,
        ],
        "rim": "rgb(187,247,208)",
        "rimRgb": [
          187,
          247,
          208,
        ],
      },
      "mid": {
        "glow": "rgb(148,163,184)",
        "glowA": "rgba(148, 163, 184, 0.45)",
        "glowRgb": [
          148,
          163,
          184,
        ],
        "ink": "rgb(6,8,12)",
        "inkA": "rgba(6, 8, 12, 0.55)",
        "inkRgb": [
          6,
          8,
          12,
        ],
        "mid": "rgb(30,36,44)",
        "midA": "rgba(30, 36, 44, 0.4)",
        "midRgb": [
          30,
          36,
          44,
        ],
        "rim": "rgb(241,245,249)",
        "rimRgb": [
          241,
          245,
          249,
        ],
      },
      "soft": {
        "glow": "rgb(100,116,139)",
        "glowA": "rgba(100, 116, 139, 0.45)",
        "glowRgb": [
          100,
          116,
          139,
        ],
        "ink": "rgb(8,10,14)",
        "inkA": "rgba(8, 10, 14, 0.55)",
        "inkRgb": [
          8,
          10,
          14,
        ],
        "mid": "rgb(28,32,40)",
        "midA": "rgba(28, 32, 40, 0.4)",
        "midRgb": [
          28,
          32,
          40,
        ],
        "rim": "rgb(226,232,240)",
        "rimRgb": [
          226,
          232,
          240,
        ],
      },
    },
  },
  "sky": {
    "accent": {
      "onAccent": "#0A0A0F",
      "primary": "#38BDF8",
      "primaryBorder": "rgba(56, 189, 248, 0.38)",
      "primarySoft": "rgba(56, 189, 248, 0.16)",
      "swatch": "#38BDF8",
    },
    "id": "sky",
    "stage": {
      "bg": "#000000",
      "bloomA": "rgba(56, 189, 248, 0.18)",
      "bloomB": "rgba(14, 116, 144, 0.22)",
      "bloomC": "rgba(125, 211, 252, 0.08)",
    },
    "surface": "dark",
    "text": {
      "faint": "#7C8899",
      "muted": "#A3B0C2",
      "primary": "#FFFFFF",
      "secondary": "#E2E8F0",
    },
    "washes": {
      "chrome": {
        "glow": "rgb(148,163,184)",
        "glowA": "rgba(148, 163, 184, 0.45)",
        "glowRgb": [
          148,
          163,
          184,
        ],
        "ink": "rgb(12,16,22)",
        "inkA": "rgba(12, 16, 22, 0.55)",
        "inkRgb": [
          12,
          16,
          22,
        ],
        "mid": "rgb(40,60,80)",
        "midA": "rgba(40, 60, 80, 0.4)",
        "midRgb": [
          40,
          60,
          80,
        ],
        "rim": "rgb(226,232,240)",
        "rimRgb": [
          226,
          232,
          240,
        ],
      },
      "deep": {
        "glow": "rgb(14,165,233)",
        "glowA": "rgba(14, 165, 233, 0.45)",
        "glowRgb": [
          14,
          165,
          233,
        ],
        "ink": "rgb(6,14,28)",
        "inkA": "rgba(6, 14, 28, 0.55)",
        "inkRgb": [
          6,
          14,
          28,
        ],
        "mid": "rgb(8,90,130)",
        "midA": "rgba(8, 90, 130, 0.4)",
        "midRgb": [
          8,
          90,
          130,
        ],
        "rim": "rgb(125,211,252)",
        "rimRgb": [
          125,
          211,
          252,
        ],
      },
      "glow": {
        "glow": "rgb(125,211,252)",
        "glowA": "rgba(125, 211, 252, 0.45)",
        "glowRgb": [
          125,
          211,
          252,
        ],
        "ink": "rgb(8,20,32)",
        "inkA": "rgba(8, 20, 32, 0.55)",
        "inkRgb": [
          8,
          20,
          32,
        ],
        "mid": "rgb(20,120,160)",
        "midA": "rgba(20, 120, 160, 0.4)",
        "midRgb": [
          20,
          120,
          160,
        ],
        "rim": "rgb(224,242,254)",
        "rimRgb": [
          224,
          242,
          254,
        ],
      },
      "mid": {
        "glow": "rgb(56,189,248)",
        "glowA": "rgba(56, 189, 248, 0.45)",
        "glowRgb": [
          56,
          189,
          248,
        ],
        "ink": "rgb(8,18,30)",
        "inkA": "rgba(8, 18, 30, 0.55)",
        "inkRgb": [
          8,
          18,
          30,
        ],
        "mid": "rgb(12,100,140)",
        "midA": "rgba(12, 100, 140, 0.4)",
        "midRgb": [
          12,
          100,
          140,
        ],
        "rim": "rgb(186,230,253)",
        "rimRgb": [
          186,
          230,
          253,
        ],
      },
      "soft": {
        "glow": "rgb(56,189,248)",
        "glowA": "rgba(56, 189, 248, 0.45)",
        "glowRgb": [
          56,
          189,
          248,
        ],
        "ink": "rgb(8,16,26)",
        "inkA": "rgba(8, 16, 26, 0.55)",
        "inkRgb": [
          8,
          16,
          26,
        ],
        "mid": "rgb(14,80,120)",
        "midA": "rgba(14, 80, 120, 0.4)",
        "midRgb": [
          14,
          80,
          120,
        ],
        "rim": "rgb(186,230,253)",
        "rimRgb": [
          186,
          230,
          253,
        ],
      },
    },
  },
  "white": {
    "accent": {
      "onAccent": "#F8FAFC",
      "primary": "#15803D",
      "primaryBorder": "rgba(21, 128, 61, 0.42)",
      "primarySoft": "rgba(21, 128, 61, 0.14)",
      "swatch": "#F1F5F9",
    },
    "id": "white",
    "stage": {
      "bg": "#8FA0B5",
      "bloomA": "rgba(52, 211, 153, 0.5)",
      "bloomB": "rgba(45, 212, 191, 0.38)",
      "bloomC": "rgba(100, 116, 139, 0.4)",
    },
    "surface": "light",
    "text": {
      "faint": "#475569",
      "muted": "#334155",
      "primary": "#0F172A",
      "secondary": "#1E293B",
    },
    "washes": {
      "chrome": {
        "glow": "rgb(203,213,225)",
        "glowA": "rgba(203, 213, 225, 0.35)",
        "glowRgb": [
          203,
          213,
          225,
        ],
        "ink": "rgb(248,250,252)",
        "inkA": "rgba(248, 250, 252, 0.75)",
        "inkRgb": [
          248,
          250,
          252,
        ],
        "mid": "rgb(226,232,240)",
        "midA": "rgba(226, 232, 240, 0.5)",
        "midRgb": [
          226,
          232,
          240,
        ],
        "rim": "rgb(255,255,255)",
        "rimRgb": [
          255,
          255,
          255,
        ],
      },
      "deep": {
        "glow": "rgb(148,163,184)",
        "glowA": "rgba(148, 163, 184, 0.35)",
        "glowRgb": [
          148,
          163,
          184,
        ],
        "ink": "rgb(241,245,249)",
        "inkA": "rgba(241, 245, 249, 0.75)",
        "inkRgb": [
          241,
          245,
          249,
        ],
        "mid": "rgb(203,213,225)",
        "midA": "rgba(203, 213, 225, 0.5)",
        "midRgb": [
          203,
          213,
          225,
        ],
        "rim": "rgb(255,255,255)",
        "rimRgb": [
          255,
          255,
          255,
        ],
      },
      "glow": {
        "glow": "rgb(52,211,153)",
        "glowA": "rgba(52, 211, 153, 0.35)",
        "glowRgb": [
          52,
          211,
          153,
        ],
        "ink": "rgb(236,253,245)",
        "inkA": "rgba(236, 253, 245, 0.75)",
        "inkRgb": [
          236,
          253,
          245,
        ],
        "mid": "rgb(167,243,208)",
        "midA": "rgba(167, 243, 208, 0.5)",
        "midRgb": [
          167,
          243,
          208,
        ],
        "rim": "rgb(255,255,255)",
        "rimRgb": [
          255,
          255,
          255,
        ],
      },
      "mid": {
        "glow": "rgb(134,239,172)",
        "glowA": "rgba(134, 239, 172, 0.35)",
        "glowRgb": [
          134,
          239,
          172,
        ],
        "ink": "rgb(240,253,244)",
        "inkA": "rgba(240, 253, 244, 0.75)",
        "inkRgb": [
          240,
          253,
          244,
        ],
        "mid": "rgb(187,247,208)",
        "midA": "rgba(187, 247, 208, 0.5)",
        "midRgb": [
          187,
          247,
          208,
        ],
        "rim": "rgb(255,255,255)",
        "rimRgb": [
          255,
          255,
          255,
        ],
      },
      "soft": {
        "glow": "rgb(203,213,225)",
        "glowA": "rgba(203, 213, 225, 0.35)",
        "glowRgb": [
          203,
          213,
          225,
        ],
        "ink": "rgb(248,250,252)",
        "inkA": "rgba(248, 250, 252, 0.75)",
        "inkRgb": [
          248,
          250,
          252,
        ],
        "mid": "rgb(226,232,240)",
        "midA": "rgba(226, 232, 240, 0.5)",
        "midRgb": [
          226,
          232,
          240,
        ],
        "rim": "rgb(255,255,255)",
        "rimRgb": [
          255,
          255,
          255,
        ],
      },
    },
  },
}
`;
